Archive member included to satisfy reference by file (symbol)

/home/ignasi/LT-22X_boards/imx7d-sabresd/build-imx7dsabresd/tmp/sysroots/imx7dsabresd/usr/lib/arm-poky-linux-gnueabi/5.3.0/libgcc.a(_udivsi3.o)
                              arch/arm/cpu/armv7/built-in.o (__aeabi_uidiv)
/home/ignasi/LT-22X_boards/imx7d-sabresd/build-imx7dsabresd/tmp/sysroots/imx7dsabresd/usr/lib/arm-poky-linux-gnueabi/5.3.0/libgcc.a(_divsi3.o)
                              cmd/built-in.o (__aeabi_idiv)
/home/ignasi/LT-22X_boards/imx7d-sabresd/build-imx7dsabresd/tmp/sysroots/imx7dsabresd/usr/lib/arm-poky-linux-gnueabi/5.3.0/libgcc.a(_lshrdi3.o)
                              fs/built-in.o (__aeabi_llsr)
/home/ignasi/LT-22X_boards/imx7d-sabresd/build-imx7dsabresd/tmp/sysroots/imx7dsabresd/usr/lib/arm-poky-linux-gnueabi/5.3.0/libgcc.a(_ashldi3.o)
                              drivers/mmc/built-in.o (__aeabi_llsl)
/home/ignasi/LT-22X_boards/imx7d-sabresd/build-imx7dsabresd/tmp/sysroots/imx7dsabresd/usr/lib/arm-poky-linux-gnueabi/5.3.0/libgcc.a(_dvmd_lnx.o)
                              /home/ignasi/LT-22X_boards/imx7d-sabresd/build-imx7dsabresd/tmp/sysroots/imx7dsabresd/usr/lib/arm-poky-linux-gnueabi/5.3.0/libgcc.a(_udivsi3.o) (__aeabi_idiv0)

Discarded input sections

 .data          0x0000000000000000        0x0 arch/arm/cpu/armv7/start.o
 .bss           0x0000000000000000        0x0 arch/arm/cpu/armv7/start.o
 .text.v7_arch_cp15_set_l2aux_ctrl
                0x0000000000000000        0x8 arch/arm/cpu/armv7/built-in.o
 .text.v7_arch_cp15_set_acr
                0x0000000000000000        0x8 arch/arm/cpu/armv7/built-in.o
 .text.sdelay   0x0000000000000000        0xc arch/arm/cpu/armv7/built-in.o
 .text.wait_on_value
                0x0000000000000000       0x34 arch/arm/cpu/armv7/built-in.o
 .text.get_boot_device
                0x0000000000000000       0x70 arch/arm/cpu/armv7/built-in.o
 .text.board_mmc_get_env_dev
                0x0000000000000000        0x8 arch/arm/cpu/armv7/built-in.o
 .text.set_clk_qspi
                0x0000000000000000       0x34 arch/arm/cpu/armv7/built-in.o
 .text.set_clk_nand
                0x0000000000000000       0x38 arch/arm/cpu/armv7/built-in.o
 .text.clock_set_src
                0x0000000000000000       0xa8 arch/arm/cpu/armv7/built-in.o
 .text.clock_set_prediv
                0x0000000000000000       0x94 arch/arm/cpu/armv7/built-in.o
 .text.clock_set_postdiv
                0x0000000000000000       0x84 arch/arm/cpu/armv7/built-in.o
 .text.clock_set_autopostdiv
                0x0000000000000000       0x98 arch/arm/cpu/armv7/built-in.o
 .text.clock_get_target_val
                0x0000000000000000       0x28 arch/arm/cpu/armv7/built-in.o
 .text.clock_root_cfg
                0x0000000000000000      0x104 arch/arm/cpu/armv7/built-in.o
 .data          0x0000000000000000        0x0 arch/arm/cpu/armv7/built-in.o
 .bss           0x0000000000000000        0x0 arch/arm/cpu/armv7/built-in.o
 .text          0x0000000000000000        0x0 arch/arm/imx-common/built-in.o
 .text.imx_iomux_set_gpr_register
                0x0000000000000000       0x40 arch/arm/imx-common/built-in.o
 .text.get_imx_reset_cause
                0x0000000000000000       0x10 arch/arm/imx-common/built-in.o
 .text.set_chipselect_size
                0x0000000000000000       0x84 arch/arm/imx-common/built-in.o
 .text.init_src
                0x0000000000000000       0x18 arch/arm/imx-common/built-in.o
 .text.imx_rdc_setup_ma
                0x0000000000000000       0x20 arch/arm/imx-common/built-in.o
 .text.imx_rdc_setup_masters
                0x0000000000000000       0x34 arch/arm/imx-common/built-in.o
 .text.__arch_auxiliary_core_up
                0x0000000000000000        0x8 arch/arm/imx-common/built-in.o
 .text.__arch_auxiliary_core_check_up
                0x0000000000000000        0x8 arch/arm/imx-common/built-in.o
 .text.usec2ticks
                0x0000000000000000       0x60 arch/arm/imx-common/built-in.o
 .data          0x0000000000000000        0x0 arch/arm/imx-common/built-in.o
 .bss           0x0000000000000000        0x0 arch/arm/imx-common/built-in.o
 .text.setup_board_tags
                0x0000000000000000        0x4 arch/arm/lib/built-in.o
 .text.reset_misc
                0x0000000000000000        0x4 arch/arm/lib/built-in.o
 .text.enable_caches
                0x0000000000000000        0xc arch/arm/lib/built-in.o
 .text.invalidate_dcache_range
                0x0000000000000000        0x4 arch/arm/lib/built-in.o
 .text.flush_dcache_range
                0x0000000000000000        0x4 arch/arm/lib/built-in.o
 .text.flush_dcache_all
                0x0000000000000000        0xc arch/arm/lib/built-in.o
 .text.arm_init_before_mmu
                0x0000000000000000        0x4 arch/arm/lib/built-in.o
 .text.mmu_page_table_flush
                0x0000000000000000        0x4 arch/arm/lib/built-in.o
 .data          0x0000000000000000        0x0 arch/arm/lib/built-in.o
 .__secure_start
[...]
Memory Configuration

Name             Origin             Length             Attributes
*default*        0x0000000000000000 0xffffffffffffffff

Linker script and memory map

Address of section .text set to 0x87800000
                0x0000000000000000                . = 0x0
                0x0000000000000000                . = ALIGN (0x4)

.text           0x0000000087800000    0x425c8
 *(.__image_copy_start)
 .__image_copy_start
                0x0000000087800000        0x0 arch/arm/lib/built-in.o
                0x0000000087800000                __image_copy_start
 *(.vectors)
 .vectors       0x0000000087800000      0x2e8 arch/arm/lib/built-in.o
                0x0000000087800000                _start
                0x0000000087800020                _undefined_instruction
                0x0000000087800024                _software_interrupt
                0x0000000087800028                _prefetch_abort
                0x000000008780002c                _data_abort
                0x0000000087800030                _not_used
                0x0000000087800034                _irq
                0x0000000087800038                _fiq
                0x0000000087800040                IRQ_STACK_START_IN
 arch/arm/cpu/armv7/start.o(.text*)
 .text          0x00000000878002e8       0xb0 arch/arm/cpu/armv7/start.o
                0x00000000878002e8                reset
                0x00000000878002ec                save_boot_params_ret
                0x0000000087800328                c_runtime_cpu_setup
                0x0000000087800338                save_boot_params
                0x000000008780033c                cpu_init_cp15
                0x0000000087800390                cpu_init_crit
 *(.text*)
 .text          0x0000000087800398       0x24 arch/arm/cpu/armv7/built-in.o
                0x0000000087800398                lowlevel_init
 .text.v7_maint_dcache_all
                0x00000000878003bc       0xd0 arch/arm/cpu/armv7/built-in.o
 .text.invalidate_icache_all
                0x000000008780048c       0x18 arch/arm/cpu/armv7/built-in.o
                0x000000008780048c                invalidate_icache_all
 .text.v7_outer_cache_enable
                0x00000000878004a4        0x4 arch/arm/cpu/armv7/built-in.o
                0x00000000878004a4                v7_outer_cache_enable
 .text.v7_outer_cache_disable
                0x00000000878004a8        0x4 arch/arm/cpu/armv7/built-in.o
                0x00000000878004a8                v7_outer_cache_disable
 .text.v7_outer_cache_flush_all
                0x00000000878004ac        0x4 arch/arm/cpu/armv7/built-in.o
                0x00000000878004ac                v7_outer_cache_flush_all
 .text.flush_dcache_all
                0x00000000878004b0       0x14 arch/arm/cpu/armv7/built-in.o
                0x00000000878004b0                flush_dcache_all
 .text.v7_outer_cache_inval_all
                0x00000000878004c4        0x4 arch/arm/cpu/armv7/built-in.o
                0x00000000878004c4                v7_outer_cache_inval_all
 .text.invalidate_dcache_all
                0x00000000878004c8       0x14 arch/arm/cpu/armv7/built-in.o
                0x00000000878004c8                invalidate_dcache_all
 .text.arm_init_before_mmu
                0x00000000878004dc       0x28 arch/arm/cpu/armv7/built-in.o
                0x00000000878004dc                arm_init_before_mmu
 .text.v7_outer_cache_flush_range
                0x0000000087800504        0x4 arch/arm/cpu/armv7/built-in.o
                0x0000000087800504                v7_outer_cache_flush_range
 .text.flush_dcache_range
                0x0000000087800508       0x38 arch/arm/cpu/armv7/built-in.o
                0x0000000087800508                flush_dcache_range
 .text.mmu_page_table_flush
                0x0000000087800540       0x24 arch/arm/cpu/armv7/built-in.o
                0x0000000087800540                mmu_page_table_flush
 .text.v7_outer_cache_inval_range
                0x0000000087800564        0x4 arch/arm/cpu/armv7/built-in.o
                0x0000000087800564                v7_outer_cache_inval_range
 .text.invalidate_dcache_range
                0x0000000087800568       0xa8 arch/arm/cpu/armv7/built-in.o
                0x0000000087800568                invalidate_dcache_range
 .text.cpu_cache_initialization
                0x0000000087800610        0x4 arch/arm/cpu/armv7/built-in.o
                0x0000000087800610                cpu_cache_initialization
 .text.cleanup_before_linux_select
                0x0000000087800614       0x4c arch/arm/cpu/armv7/built-in.o
                0x0000000087800614                cleanup_before_linux_select
 .text.cleanup_before_linux
                0x0000000087800660        0x8 arch/arm/cpu/armv7/built-in.o
                0x0000000087800660                cleanup_before_linux
 .text.get_cpu_speed_grade_hz
                0x0000000087800668       0x28 arch/arm/cpu/armv7/built-in.o
                0x0000000087800668                get_cpu_speed_grade_hz
 .text.get_cpu_temp_grade
                0x0000000087800690       0x68 arch/arm/cpu/armv7/built-in.o
                0x0000000087800690                get_cpu_temp_grade
 .text.get_cpu_rev
                0x00000000878006f8       0x1c arch/arm/cpu/armv7/built-in.o
                0x00000000878006f8                get_cpu_rev
 .text.arch_cpu_init
                0x0000000087800714       0xe8 arch/arm/cpu/armv7/built-in.o
                0x0000000087800714                arch_cpu_init
 .text.imx_get_mac_from_fuse
                0x00000000878007fc       0x78 arch/arm/cpu/armv7/built-in.o
                0x00000000878007fc                imx_get_mac_from_fuse
 .text.arch_auxiliary_core_up
                0x0000000087800874       0x40 arch/arm/cpu/armv7/built-in.o
                0x0000000087800874                arch_auxiliary_core_up
 .text.arch_auxiliary_core_check_up
                0x00000000878008b4       0x18 arch/arm/cpu/armv7/built-in.o
                0x00000000878008b4                arch_auxiliary_core_check_up
 .text.set_wdog_reset
                0x00000000878008cc       0x18 arch/arm/cpu/armv7/built-in.o
                0x00000000878008cc                set_wdog_reset
 .text.mmc_get_env_dev
                0x00000000878008e4       0x20 arch/arm/cpu/armv7/built-in.o
                0x00000000878008e4                mmc_get_env_dev
 .text.s_init   0x0000000087800904       0x10 arch/arm/cpu/armv7/built-in.o
                0x0000000087800904                s_init
 .text.reset_misc
                0x0000000087800914        0x4 arch/arm/cpu/armv7/built-in.o
                0x0000000087800914                reset_misc
 .text.enable_pll_enet
                0x0000000087800918       0x74 arch/arm/cpu/armv7/built-in.o
 .text.enable_usboh3_clk.part.0
                0x000000008780098c       0x50 arch/arm/cpu/armv7/built-in.o
 .text.decode_pll.constprop.3
                0x00000000878009dc      0x12c arch/arm/cpu/armv7/built-in.o
 .text.enable_ocotp_clk
                0x0000000087800b08       0x10 arch/arm/cpu/armv7/built-in.o
                0x0000000087800b08                enable_ocotp_clk
 .text.enable_thermal_clk
                0x0000000087800b18        0x8 arch/arm/cpu/armv7/built-in.o
                0x0000000087800b18                enable_thermal_clk
 .text.enable_usboh3_clk
                0x0000000087800b20       0x48 arch/arm/cpu/armv7/built-in.o
                0x0000000087800b20                enable_usboh3_clk
 .text.get_root_clk
                0x0000000087800b68      0x404 arch/arm/cpu/armv7/built-in.o
                0x0000000087800b68                get_root_clk
 .text.get_ahb_clk
                0x0000000087800f6c        0x8 arch/arm/cpu/armv7/built-in.o
                0x0000000087800f6c                get_ahb_clk
 .text.imx_get_uartclk
                0x0000000087800f74        0x8 arch/arm/cpu/armv7/built-in.o
                0x0000000087800f74                imx_get_uartclk
 .text.imx_get_fecclk
                0x0000000087800f7c        0x8 arch/arm/cpu/armv7/built-in.o
                0x0000000087800f7c                imx_get_fecclk
 .text.mxc_get_clock
                0x0000000087800f84       0xfc arch/arm/cpu/armv7/built-in.o
                0x0000000087800f84                mxc_get_clock
 .text.get_clocks
                0x0000000087801080       0x1c arch/arm/cpu/armv7/built-in.o
                0x0000000087801080                get_clocks
 .text.do_mx7_showclocks
                0x000000008780109c      0x15c arch/arm/cpu/armv7/built-in.o
                0x000000008780109c                do_mx7_showclocks
 .text.enable_i2c_clk
                0x00000000878011f8       0x5c arch/arm/cpu/armv7/built-in.o
                0x00000000878011f8                enable_i2c_clk
 .text.mxs_set_lcdclk
                0x0000000087801254      0x208 arch/arm/cpu/armv7/built-in.o
                0x0000000087801254                mxs_set_lcdclk
 .text.set_clk_enet
                0x000000008780145c       0xc8 arch/arm/cpu/armv7/built-in.o
                0x000000008780145c                set_clk_enet
 .text.clock_init
                0x0000000087801524      0x2f0 arch/arm/cpu/armv7/built-in.o
                0x0000000087801524                clock_init
 .text.select   0x0000000087801814       0x34 arch/arm/cpu/armv7/built-in.o
 .text.clock_get_src
                0x0000000087801848       0x64 arch/arm/cpu/armv7/built-in.o
                0x0000000087801848                clock_get_src
 .text.clock_get_prediv
                0x00000000878018ac       0x7c arch/arm/cpu/armv7/built-in.o
                0x00000000878018ac                clock_get_prediv
 .text.clock_get_postdiv
                0x0000000087801928       0x50 arch/arm/cpu/armv7/built-in.o
                0x0000000087801928                clock_get_postdiv
 .text.clock_get_autopostdiv
                0x0000000087801978       0x90 arch/arm/cpu/armv7/built-in.o
                0x0000000087801978                clock_get_autopostdiv
 .text.clock_set_target_val
                0x0000000087801a08       0x24 arch/arm/cpu/armv7/built-in.o
                0x0000000087801a08                clock_set_target_val
 .text.clock_root_enabled
                0x0000000087801a2c       0x40 arch/arm/cpu/armv7/built-in.o
                0x0000000087801a2c                clock_root_enabled
 .text.clock_enable
                0x0000000087801a6c       0x50 arch/arm/cpu/armv7/built-in.o
                0x0000000087801a6c                clock_enable
 .text.imx_iomux_v3_setup_pad
                0x0000000087801abc      0x170 arch/arm/imx-common/built-in.o
                0x0000000087801abc                imx_iomux_v3_setup_pad
 .text.imx_iomux_v3_setup_multiple_pads
                0x0000000087801c2c       0x2c arch/arm/imx-common/built-in.o
                0x0000000087801c2c                imx_iomux_v3_setup_multiple_pads
 .text.mxs_wait_mask_set
                0x0000000087801c58       0x3c arch/arm/imx-common/built-in.o
                0x0000000087801c58                mxs_wait_mask_set
 .text.mxs_wait_mask_clr
                0x0000000087801c94       0x3c arch/arm/imx-common/built-in.o
                0x0000000087801c94                mxs_wait_mask_clr
 .text.mxs_reset_block
                0x0000000087801cd0       0x90 arch/arm/imx-common/built-in.o
                0x0000000087801cd0                mxs_reset_block
 .text.get_imx_type
                0x0000000087801d60       0x20 arch/arm/imx-common/built-in.o
                0x0000000087801d60                get_imx_type
 .text.print_cpuinfo
                0x0000000087801d80      0x254 arch/arm/imx-common/built-in.o
                0x0000000087801d80                print_cpuinfo
 .text.cpu_eth_init
                0x0000000087801fd4        0x4 arch/arm/imx-common/built-in.o
                0x0000000087801fd4                cpu_eth_init
 .text.cpu_mmc_init
                0x0000000087801fd8        0x4 arch/arm/imx-common/built-in.o
                0x0000000087801fd8                cpu_mmc_init
 .text.arch_preboot_os
                0x0000000087801fdc        0x4 arch/arm/imx-common/built-in.o
                0x0000000087801fdc                arch_preboot_os
 .text.force_idle_bus
                0x0000000087801fe0      0x1c4 arch/arm/imx-common/built-in.o
                0x0000000087801fe0                force_idle_bus
 .text.setup_i2c
                0x00000000878021a4       0xe4 arch/arm/imx-common/built-in.o
                0x00000000878021a4                setup_i2c
 .text.enable_caches
                0x0000000087802288       0x34 arch/arm/imx-common/built-in.o
                0x0000000087802288                enable_caches
 .text.init_aips
                0x00000000878022bc       0xc0 arch/arm/imx-common/built-in.o
                0x00000000878022bc                init_aips
 .text.imx_set_wdog_powerdown
                0x000000008780237c       0x80 arch/arm/imx-common/built-in.o
                0x000000008780237c                imx_set_wdog_powerdown
 .text.boot_mode_apply
                0x00000000878023fc       0x24 arch/arm/imx-common/built-in.o
                0x00000000878023fc                boot_mode_apply
 .text.board_video_skip
                0x0000000087802420      0x1a0 arch/arm/imx-common/built-in.o
                0x0000000087802420                board_video_skip
 .text.imx_rdc_check_permission
                0x00000000878025c0       0x34 arch/arm/imx-common/built-in.o
                0x00000000878025c0                imx_rdc_check_permission
 .text.imx_rdc_sema_lock
                0x00000000878025f4       0x70 arch/arm/imx-common/built-in.o
                0x00000000878025f4                imx_rdc_sema_lock
 .text.imx_rdc_sema_unlock
                0x0000000087802664       0x74 arch/arm/imx-common/built-in.o
                0x0000000087802664                imx_rdc_sema_unlock
 .text.imx_rdc_setup_peri
                0x00000000878026d8       0x50 arch/arm/imx-common/built-in.o
                0x00000000878026d8                imx_rdc_setup_peri
 .text.imx_rdc_setup_peripherals
                0x0000000087802728       0x38 arch/arm/imx-common/built-in.o
                0x0000000087802728                imx_rdc_setup_peripherals
 .text.do_bootaux
                0x0000000087802760       0x78 arch/arm/imx-common/built-in.o
                0x0000000087802760                do_bootaux
 .text.timer_init
                0x00000000878027d8       0x3c arch/arm/imx-common/built-in.o
                0x00000000878027d8                timer_init
 .text.get_ticks
                0x0000000087802814       0x18 arch/arm/imx-common/built-in.o
                0x0000000087802814                get_ticks
 .text.get_timer_masked
                0x000000008780282c       0x58 arch/arm/imx-common/built-in.o
                0x000000008780282c                get_timer_masked
 .text.get_timer
                0x0000000087802884       0x14 arch/arm/imx-common/built-in.o
                0x0000000087802884                get_timer
 .text.__udelay
                0x0000000087802898       0x88 arch/arm/imx-common/built-in.o
                0x0000000087802898                __udelay
 .text.get_tbclk
                0x0000000087802920        0x8 arch/arm/imx-common/built-in.o
                0x0000000087802920                get_tbclk
 .text.create_usage
                0x0000000087802928       0xac arch/arm/imx-common/built-in.o
 .text.do_boot_mode
                0x00000000878029d4       0xd4 arch/arm/imx-common/built-in.o
 .text.add_board_boot_modes
                0x0000000087802aa8       0x60 arch/arm/imx-common/built-in.o
                0x0000000087802aa8                add_board_boot_modes
 .text          0x0000000087802b08       0x90 arch/arm/lib/built-in.o
                0x0000000087802b08                _main
 .text.relocate_vectors
                0x0000000087802b98       0x70 arch/arm/lib/built-in.o
                0x0000000087802b98                relocate_vectors
                0x0000000087802ba4                relocate_code
 .text.arch_fixup_fdt
                0x0000000087802c08       0x38 arch/arm/lib/built-in.o
                0x0000000087802c08                arch_fixup_fdt
 .text.boot_jump_linux
                0x0000000087802c40       0xc4 arch/arm/lib/built-in.o
 .text.boot_prep_linux
                0x0000000087802d04       0x4c arch/arm/lib/built-in.o
 .text.arch_lmb_reserve
                0x0000000087802d50       0x24 arch/arm/lib/built-in.o
                0x0000000087802d50                arch_lmb_reserve
 .text.do_bootm_linux
                0x0000000087802d74       0x64 arch/arm/lib/built-in.o
                0x0000000087802d74                do_bootm_linux
 .text.bootz_setup
                0x0000000087802dd8       0x58 arch/arm/lib/built-in.o
                0x0000000087802dd8                bootz_setup
 .text.boot_prep_vxworks
                0x0000000087802e30       0x50 arch/arm/lib/built-in.o
                0x0000000087802e30                boot_prep_vxworks
 .text.boot_jump_vxworks
                0x0000000087802e80        0xc arch/arm/lib/built-in.o
                0x0000000087802e80                boot_jump_vxworks
 .text.arch_reserve_stacks
                0x0000000087802e8c       0x1c arch/arm/lib/built-in.o
                0x0000000087802e8c                arch_reserve_stacks
 .text.interrupt_init
                0x0000000087802ea8       0x1c arch/arm/lib/built-in.o
                0x0000000087802ea8                interrupt_init
 .text.enable_interrupts
                0x0000000087802ec4        0x4 arch/arm/lib/built-in.o
                0x0000000087802ec4                enable_interrupts
 .text.disable_interrupts
                0x0000000087802ec8        0x8 arch/arm/lib/built-in.o
                0x0000000087802ec8                disable_interrupts
 .text.bad_mode
                0x0000000087802ed0       0x10 arch/arm/lib/built-in.o
                0x0000000087802ed0                bad_mode
 .text.show_regs
                0x0000000087802ee0      0x174 arch/arm/lib/built-in.o
                0x0000000087802ee0                show_regs
 .text.do_undefined_instruction
                0x0000000087803054       0x20 arch/arm/lib/built-in.o
                0x0000000087803054                do_undefined_instruction
 .text.do_software_interrupt
                0x0000000087803074       0x20 arch/arm/lib/built-in.o
                0x0000000087803074                do_software_interrupt
 .text.do_prefetch_abort
                0x0000000087803094       0x20 arch/arm/lib/built-in.o
                0x0000000087803094                do_prefetch_abort
 .text.do_data_abort
                0x00000000878030b4       0x20 arch/arm/lib/built-in.o
                0x00000000878030b4                do_data_abort
 .text.do_not_used
                0x00000000878030d4       0x20 arch/arm/lib/built-in.o
                0x00000000878030d4                do_not_used
 .text.do_fiq   0x00000000878030f4       0x20 arch/arm/lib/built-in.o
                0x00000000878030f4                do_fiq
 .text.do_irq   0x0000000087803114       0x20 arch/arm/lib/built-in.o
                0x0000000087803114                do_irq
 .text.do_reset
                0x0000000087803134       0x30 arch/arm/lib/built-in.o
                0x0000000087803134                do_reset
 .text.flush_cache
                0x0000000087803164        0x8 arch/arm/lib/built-in.o
                0x0000000087803164                flush_cache
 .text.cp_delay
                0x000000008780316c       0x30 arch/arm/lib/built-in.o
 .text.arm_init_domains
                0x000000008780319c        0x4 arch/arm/lib/built-in.o
                0x000000008780319c                arm_init_domains
 .text.set_section_dcache
                0x00000000878031a0       0x14 arch/arm/lib/built-in.o
                0x00000000878031a0                set_section_dcache
 .text.mmu_set_region_dcache_behaviour
                0x00000000878031b4       0x4c arch/arm/lib/built-in.o
                0x00000000878031b4                mmu_set_region_dcache_behaviour
 .text.dram_bank_mmu_setup
                0x0000000087803200       0x44 arch/arm/lib/built-in.o
                0x0000000087803200                dram_bank_mmu_setup
 .text.icache_enable
                0x0000000087803244       0x18 arch/arm/lib/built-in.o
                0x0000000087803244                icache_enable
 .text.icache_disable
                0x000000008780325c       0x20 arch/arm/lib/built-in.o
                0x000000008780325c                icache_disable
 .text.icache_status
                0x000000008780327c        0xc arch/arm/lib/built-in.o
                0x000000008780327c                icache_status
 .text.dcache_enable
                0x0000000087803288       0x7c arch/arm/lib/built-in.o
                0x0000000087803288                dcache_enable
 .text.dcache_disable
                0x0000000087803304       0x2c arch/arm/lib/built-in.o
                0x0000000087803304                dcache_disable
 .text.dcache_status
                0x0000000087803330        0xc arch/arm/lib/built-in.o
                0x0000000087803330                dcache_status
 .text.board_late_mmc_env_init
                0x000000008780333c       0x9c board/freescale/common/built-in.o
                0x000000008780333c                board_late_mmc_env_init
 .text.do_enable_parallel_lcd
                0x00000000878033d8       0x54 board/freescale/mx7dsabresd/built-in.o
                0x00000000878033d8                do_enable_parallel_lcd
 .text.mx7sabre_rev
                0x000000008780342c       0x6c board/freescale/mx7dsabresd/built-in.o
 .text.dram_init
                0x0000000087803498       0x10 board/freescale/mx7dsabresd/built-in.o
                0x0000000087803498                dram_init
 .text.board_mmc_get_env_dev
                0x00000000878034a8        0xc board/freescale/mx7dsabresd/built-in.o
                0x00000000878034a8                board_mmc_get_env_dev
 .text.mmc_map_to_kernel_blk
                0x00000000878034b4        0xc board/freescale/mx7dsabresd/built-in.o
                0x00000000878034b4                mmc_map_to_kernel_blk
 .text.board_mmc_getcd
                0x00000000878034c0       0x48 board/freescale/mx7dsabresd/built-in.o
                0x00000000878034c0                board_mmc_getcd
 .text.board_mmc_init
                0x0000000087803508       0xf8 board/freescale/mx7dsabresd/built-in.o
                0x0000000087803508                board_mmc_init
 .text.board_eth_init
                0x0000000087803600       0x54 board/freescale/mx7dsabresd/built-in.o
                0x0000000087803600                board_eth_init
 .text.board_phy_config
                0x0000000087803654       0xac board/freescale/mx7dsabresd/built-in.o
                0x0000000087803654                board_phy_config
 .text.board_usb_phy_mode
                0x0000000087803700       0x14 board/freescale/mx7dsabresd/built-in.o
                0x0000000087803700                board_usb_phy_mode
 .text.board_early_init_f
                0x0000000087803714       0x80 board/freescale/mx7dsabresd/built-in.o
                0x0000000087803714                board_early_init_f
 .text.board_init
                0x0000000087803794      0x130 board/freescale/mx7dsabresd/built-in.o
                0x0000000087803794                board_init
 .text.power_init_board
                0x00000000878038c4      0x108 board/freescale/mx7dsabresd/built-in.o
                0x00000000878038c4                power_init_board
 .text.board_late_init
                0x00000000878039cc       0x38 board/freescale/mx7dsabresd/built-in.o
                0x00000000878039cc                board_late_init
 .text.checkboard
                0x0000000087803a04       0x44 board/freescale/mx7dsabresd/built-in.o
                0x0000000087803a04                checkboard
 .text.do_go_exec
                0x0000000087803a48       0x10 cmd/built-in.o
                0x0000000087803a48                do_go_exec
 .text.do_go    0x0000000087803a58       0x6c cmd/built-in.o
 .text.do_bootm
                0x0000000087803ac4      0x10c cmd/built-in.o
                0x0000000087803ac4                do_bootm
 .text.do_bootd
                0x0000000087803bd0       0x20 cmd/built-in.o
                0x0000000087803bd0                do_bootd
 .text.image_info
                0x0000000087803bf0       0xcc cmd/built-in.o
 .text.do_iminfo
                0x0000000087803cbc       0x5c cmd/built-in.o
 .text.bootm_maybe_autostart
                0x0000000087803d18       0x78 cmd/built-in.o
                0x0000000087803d18                bootm_maybe_autostart
 .text.do_bootz
                0x0000000087803d90       0xf8 cmd/built-in.o
                0x0000000087803d90                do_bootz
 .text.do_help  0x0000000087803e88       0x44 cmd/built-in.o
 .text.do_version
                0x0000000087803ecc       0x38 cmd/built-in.o
 .text.source   0x0000000087803f04       0xd8 cmd/built-in.o
                0x0000000087803f04                source
 .text.do_source
                0x0000000087803fdc       0x48 cmd/built-in.o
 .text.print_num
                0x0000000087804024       0x14 cmd/built-in.o
 .text.do_bdinfo
                0x0000000087804038      0x190 cmd/built-in.o
 .text.do_bmp   0x00000000878041c8       0x58 cmd/built-in.o
 .text.do_bmp_info
                0x0000000087804220      0x10c cmd/built-in.o
 .text.bmp_display
                0x000000008780432c       0x50 cmd/built-in.o
                0x000000008780432c                bmp_display
 .text.do_bmp_display
                0x000000008780437c       0xbc cmd/built-in.o
 .text.parse_argv
                0x0000000087804438       0x64 cmd/built-in.o
 .text.do_icache
                0x000000008780449c       0x88 cmd/built-in.o
 .text.do_dcache
                0x0000000087804524       0x88 cmd/built-in.o
 .text.do_coninfo
                0x00000000878045ac       0xb0 cmd/built-in.o
 .text.do_echo  0x000000008780465c       0xb0 cmd/built-in.o
 .text.load_elf_image_shdr
                0x000000008780470c       0x8c cmd/built-in.o
 .text.valid_elf_image
                0x0000000087804798       0x4c cmd/built-in.o
                0x0000000087804798                valid_elf_image
 .text.do_bootelf
                0x00000000878047e4      0x1b0 cmd/built-in.o
                0x00000000878047e4                do_bootelf
 .text.do_bootvx
                0x0000000087804994      0x330 cmd/built-in.o
                0x0000000087804994                do_bootvx
 .text.do_exit  0x0000000087804cc4       0x3c cmd/built-in.o
 .text.do_ext4_size
                0x0000000087804d00       0x18 cmd/built-in.o
                0x0000000087804d00                do_ext4_size
 .text.do_ext4_load
                0x0000000087804d18       0x18 cmd/built-in.o
                0x0000000087804d18                do_ext4_load
 .text.do_ext4_ls
                0x0000000087804d30       0x18 cmd/built-in.o
                0x0000000087804d30                do_ext4_ls
 .text.do_ext4_write
                0x0000000087804d48       0x18 cmd/built-in.o
                0x0000000087804d48                do_ext4_write
 .text.do_ext2load
                0x0000000087804d60       0x18 cmd/built-in.o
                0x0000000087804d60                do_ext2load
 .text.do_ext2ls
                0x0000000087804d78       0x18 cmd/built-in.o
 .text.do_fat_size
                0x0000000087804d90       0x18 cmd/built-in.o
                0x0000000087804d90                do_fat_size
 .text.do_fat_fsload
                0x0000000087804da8       0x18 cmd/built-in.o
                0x0000000087804da8                do_fat_fsload
 .text.do_fat_ls
                0x0000000087804dc0       0x18 cmd/built-in.o
 .text.do_fat_fsinfo
                0x0000000087804dd8       0x90 cmd/built-in.o
 .text.fdt_valid
                0x0000000087804e68       0xbc cmd/built-in.o
 .text.is_printable_string
                0x0000000087804f24       0x9c cmd/built-in.o
 .text.print_data
                0x0000000087804fc0      0x174 cmd/built-in.o
 .text.set_working_fdt_addr
                0x0000000087805134       0x1c cmd/built-in.o
                0x0000000087805134                set_working_fdt_addr
 .text.do_fdt   0x0000000087805150      0xe5c cmd/built-in.o
 .text.do_flerase
                0x0000000087805fac        0x8 cmd/built-in.o
 .text.do_protect
                0x0000000087805fb4       0x10 cmd/built-in.o
 .text.do_flinfo
                0x0000000087805fc4        0x8 cmd/built-in.o
 .text.strtou32
                0x0000000087805fcc       0x44 cmd/built-in.o
 .text.do_fuse  0x0000000087806010      0x358 cmd/built-in.o
 .text.name_to_gpio
                0x0000000087806368        0xc cmd/built-in.o
                0x0000000087806368                name_to_gpio
 .text.do_gpio  0x0000000087806374      0x154 cmd/built-in.o
 .text.do_i2c   0x00000000878064c8       0x68 cmd/built-in.o
 .text.do_i2c_bus_speed
                0x0000000087806530       0x78 cmd/built-in.o
 .text.do_i2c_reset
                0x00000000878065a8       0x2c cmd/built-in.o
 .text.do_i2c_probe
                0x00000000878065d4       0x9c cmd/built-in.o
 .text.do_i2c_bus_num
                0x0000000087806670       0xb8 cmd/built-in.o
 .text.do_i2c_show_bus
                0x0000000087806728       0xd0 cmd/built-in.o
 .text.get_alen.constprop.5
                0x00000000878067f8       0x3c cmd/built-in.o
 .text.do_i2c_crc
                0x0000000087806834      0x120 cmd/built-in.o
 .text.mod_i2c_mem.isra.3
                0x0000000087806954      0x1f0 cmd/built-in.o
 .text.do_i2c_nm
                0x0000000087806b44        0x8 cmd/built-in.o
 .text.do_i2c_mm
                0x0000000087806b4c        0x8 cmd/built-in.o
 .text.do_i2c_md
                0x0000000087806b54      0x1e4 cmd/built-in.o
 .text.do_i2c_read
                0x0000000087806d38       0xbc cmd/built-in.o
 .text.do_i2c_mw
                0x0000000087806df4       0xfc cmd/built-in.o
 .text.do_i2c_write
                0x0000000087806ef0      0x14c cmd/built-in.o
 .text.do_i2c_loop
                0x000000008780703c       0xe4 cmd/built-in.o
 .text.i2c_init_board
                0x0000000087807120        0x4 cmd/built-in.o
                0x0000000087807120                i2c_init_board
 .text.evalexp  0x0000000087807124       0x78 cmd/built-in.o
 .text.evalstr  0x000000008780719c       0x6c cmd/built-in.o
 .text.binary_test
                0x0000000087807208      0x1c0 cmd/built-in.o
 .text.do_itest
                0x00000000878073c8       0x88 cmd/built-in.o
 .text.bin_data_init
                0x0000000087807450       0x2c cmd/built-in.o
 .text.k_data_save
                0x000000008780747c       0x4c cmd/built-in.o
 .text.k_data_restore
                0x00000000878074c8       0x4c cmd/built-in.o
 .text.getcxmodem
                0x0000000087807514       0x20 cmd/built-in.o
 .text.load_serial_ymodem
                0x0000000087807534       0xcc cmd/built-in.o
 .text.bin_data_char
                0x0000000087807600       0x2c cmd/built-in.o
 .text.chk1.constprop.1
                0x000000008780762c       0x2c cmd/built-in.o
 .text.s1_sendpacket.constprop.2
                0x0000000087807658       0x50 cmd/built-in.o
 .text.load_serial
                0x00000000878076a8      0x1f0 cmd/built-in.o
 .text.do_load_serial
                0x0000000087807898       0xdc cmd/built-in.o
 .text.do_load_serial_bin
                0x0000000087807974      0x7a8 cmd/built-in.o
 .text.do_mem_mw
                0x000000008780811c       0xc0 cmd/built-in.o
 .text.do_mem_loop
                0x00000000878081dc       0xec cmd/built-in.o
 .text.do_mem_md
                0x00000000878082c8       0xe4 cmd/built-in.o
 .text.do_mem_cmp
                0x00000000878083ac      0x168 cmd/built-in.o
 .text.do_mem_base
                0x0000000087808514       0x40 cmd/built-in.o
 .text.do_mem_cp
                0x0000000087808554       0xd8 cmd/built-in.o
 .text.do_mem_crc
                0x000000008780862c       0x48 cmd/built-in.o
 .text.do_mem_mtest
                0x0000000087808674      0x224 cmd/built-in.o
 .text.mod_mem.isra.0
                0x0000000087808898      0x16c cmd/built-in.o
 .text.do_mem_mm
                0x0000000087808a04        0x8 cmd/built-in.o
 .text.do_mem_nm
                0x0000000087808a0c        0x8 cmd/built-in.o
 .text.extract_range
                0x0000000087808a14       0xe4 cmd/built-in.o
 .text.do_mii   0x0000000087808af8      0x8f0 cmd/built-in.o
 .text.do_mdio  0x00000000878093e8      0x4ec cmd/built-in.o
 .text.do_sleep
                0x00000000878098d4       0x70 cmd/built-in.o
 .text.do_mmcops
                0x0000000087809944       0xb8 cmd/built-in.o
 .text.init_mmc_device
                0x00000000878099fc       0x54 cmd/built-in.o
 .text.do_mmc_rescan
                0x0000000087809a50       0x24 cmd/built-in.o
 .text.do_mmc_rst_func
                0x0000000087809a74       0xa0 cmd/built-in.o
 .text.do_mmc_partconf
                0x0000000087809b14       0xb4 cmd/built-in.o
 .text.do_mmc_boot_resize
                0x0000000087809bc8       0xcc cmd/built-in.o
 .text.do_mmc_bootbus
                0x0000000087809c94       0xb4 cmd/built-in.o
 .text.do_mmc_hwpartition
                0x0000000087809d48      0x510 cmd/built-in.o
 .text.do_mmc_list
                0x000000008780a258       0x14 cmd/built-in.o
 .text.do_mmc_dev
                0x000000008780a26c      0x134 cmd/built-in.o
 .text.do_mmc_part
                0x000000008780a3a0       0x5c cmd/built-in.o
 .text.do_mmc_erase
                0x000000008780a3fc       0xe8 cmd/built-in.o
 .text.do_mmc_write
                0x000000008780a4e4      0x100 cmd/built-in.o
 .text.do_mmc_read
                0x000000008780a5e4       0xec cmd/built-in.o
 .text.do_mmcinfo
                0x000000008780a6d0      0x370 cmd/built-in.o
 .text.do_mmc_setdsr
                0x000000008780aa40       0xb0 cmd/built-in.o
 .text.netboot_common
                0x000000008780aaf0      0x294 cmd/built-in.o
 .text.do_bootp
                0x000000008780ad84        0xc cmd/built-in.o
 .text.do_dhcp  0x000000008780ad90        0xc cmd/built-in.o
 .text.do_nfs   0x000000008780ad9c        0xc cmd/built-in.o
 .text.do_tftpb
                0x000000008780ada8       0x40 cmd/built-in.o
                0x000000008780ada8                do_tftpb
 .text.do_ping  0x000000008780ade8       0x78 cmd/built-in.o
 .text.substitute
                0x000000008780ae60       0xf0 cmd/built-in.o
 .text.get_arg  0x000000008780af50       0x58 cmd/built-in.o
 .text.regex_sub
                0x000000008780afa8      0x450 cmd/built-in.o
 .text.do_setexpr
                0x000000008780b3f8      0x1a0 cmd/built-in.o
 .text.do_false
                0x000000008780b598        0x8 cmd/built-in.o
 .text.do_true  0x000000008780b5a0        0x8 cmd/built-in.o
 .text.do_test  0x000000008780b5a8      0x338 cmd/built-in.o
 .text.usb_get_class_desc
                0x000000008780b8e0       0xbc cmd/built-in.o
 .text.usb_find_device
                0x000000008780b99c       0x3c cmd/built-in.o
 .text.usb_show_tree_graph
                0x000000008780b9d8      0x228 cmd/built-in.o
 .text.usb_display_class_sub
                0x000000008780bc00      0x170 cmd/built-in.o
 .text.usb_display_string
                0x000000008780bd70       0x44 cmd/built-in.o
 .text.usb_display_config
                0x000000008780bdb4      0x20c cmd/built-in.o
 .text.do_usbboot
                0x000000008780bfc0        0xc cmd/built-in.o
 .text.usb_display_desc.part.1
                0x000000008780bfcc      0x12c cmd/built-in.o
 .text.do_usb_start
                0x000000008780c0f8       0x38 cmd/built-in.o
 .text.usb_show_tree
                0x000000008780c130       0x54 cmd/built-in.o
                0x000000008780c130                usb_show_tree
 .text.do_usb   0x000000008780c184      0x750 cmd/built-in.o
 .text.ums_read_sector
                0x000000008780c8d4       0x20 cmd/built-in.o
 .text.ums_write_sector
                0x000000008780c8f4       0x20 cmd/built-in.o
 .text.ums_fini
                0x000000008780c914       0x60 cmd/built-in.o
 .text.do_usb_mass_storage
                0x000000008780c974      0x33c cmd/built-in.o
                0x000000008780c974                do_usb_mass_storage
 .text.do_imgextract
                0x000000008780ccb0      0x290 cmd/built-in.o
 .text.do_dfu   0x000000008780cf40      0x17c cmd/built-in.o
 .text.do_env_delete
                0x000000008780d0bc       0x9c cmd/built-in.o
 .text.do_env_exists
                0x000000008780d158       0x64 cmd/built-in.o
 .text.do_env_save
                0x000000008780d1bc       0x2c cmd/built-in.o
 .text.do_env   0x000000008780d1e8       0x68 cmd/built-in.o
 .text.env_print
                0x000000008780d250       0xc0 cmd/built-in.o
 .text.do_env_print
                0x000000008780d310       0xc4 cmd/built-in.o
 .text.do_env_default
                0x000000008780d3d4       0xa8 cmd/built-in.o
 .text._do_env_set.isra.0
                0x000000008780d47c      0x1bc cmd/built-in.o
 .text.do_env_set
                0x000000008780d638       0x20 cmd/built-in.o
 .text.get_env_id
                0x000000008780d658       0x10 cmd/built-in.o
                0x000000008780d658                get_env_id
 .text.setenv   0x000000008780d668       0x60 cmd/built-in.o
                0x000000008780d668                setenv
 .text.setenv_ulong
                0x000000008780d6c8       0x20 cmd/built-in.o
                0x000000008780d6c8                setenv_ulong
 .text.setenv_hex
                0x000000008780d6e8       0x34 cmd/built-in.o
                0x000000008780d6e8                setenv_hex
 .text.envmatch
                0x000000008780d71c       0x6c cmd/built-in.o
                0x000000008780d71c                envmatch
 .text.getenv_f
                0x000000008780d788       0xc0 cmd/built-in.o
                0x000000008780d788                getenv_f
 .text.getenv   0x000000008780d848       0x78 cmd/built-in.o
                0x000000008780d848                getenv
 .text.getenv_hex
                0x000000008780d8c0       0x3c cmd/built-in.o
                0x000000008780d8c0                getenv_hex
 .text.getenv_ulong
                0x000000008780d8fc       0x30 cmd/built-in.o
                0x000000008780d8fc                getenv_ulong
 .text.do_env_edit.part.2
                0x000000008780d92c       0xa4 cmd/built-in.o
 .text.do_env_edit
                0x000000008780d9d0       0x2c cmd/built-in.o
 .text.common_diskboot
                0x000000008780d9fc      0x238 cmd/built-in.o
                0x000000008780d9fc                common_diskboot
 .text.board_init_f_alloc_reserve
                0x000000008780dc34       0x10 common/built-in.o
                0x000000008780dc34                board_init_f_alloc_reserve
 .text.board_init_f_init_reserve
                0x000000008780dc44       0x20 common/built-in.o
                0x000000008780dc44                board_init_f_init_reserve
 .text.show_boot_progress
                0x000000008780dc64        0x4 common/built-in.o
                0x000000008780dc64                show_boot_progress
 .text.main_loop
                0x000000008780dc68       0x20 common/built-in.o
                0x000000008780dc68                main_loop
 .text.dummy    0x000000008780dc88        0x4 common/built-in.o
 .text.get_version
                0x000000008780dc8c        0x8 common/built-in.o
                0x000000008780dc8c                get_version
 .text.jumptable_init
                0x000000008780dc94      0x1e0 common/built-in.o
                0x000000008780dc94                jumptable_init
 .text.hash_finish_crc32
                0x000000008780de74       0x30 common/built-in.o
 .text.hash_update_crc32
                0x000000008780dea4       0x24 common/built-in.o
 .text.hash_init_crc32
                0x000000008780dec8       0x24 common/built-in.o
 .text.hash_lookup_algo
                0x000000008780deec       0x28 common/built-in.o
                0x000000008780deec                hash_lookup_algo
 .text.hash_command
                0x000000008780df14       0xb4 common/built-in.o
                0x000000008780df14                hash_command
 .text.b_reset  0x000000008780dfc8       0x1c common/built-in.o
 .text.static_get
                0x000000008780dfe4       0x1c common/built-in.o
 .text.file_peek
                0x000000008780e000        0xc common/built-in.o
 .text.mapset   0x000000008780e00c       0x20 common/built-in.o
 .text.syntax_err
                0x000000008780e02c        0xc common/built-in.o
 .text.free_pipe_list
                0x000000008780e038       0xf4 common/built-in.o
 .text.xmalloc  0x000000008780e12c       0x20 common/built-in.o
 .text.new_pipe
                0x000000008780e14c       0x28 common/built-in.o
 .text.xrealloc
                0x000000008780e174       0x20 common/built-in.o
 .text.done_command
                0x000000008780e194       0x88 common/built-in.o
 .text.done_pipe
                0x000000008780e21c       0x48 common/built-in.o
 .text.done_word
                0x000000008780e264      0x2e4 common/built-in.o
 .text.do_showvar
                0x000000008780e548       0xf4 common/built-in.o
 .text.is_assignment
                0x000000008780e63c       0x5c common/built-in.o
 .text.file_get
                0x000000008780e698      0x1f0 common/built-in.o
 .text.b_addchr
                0x000000008780e888       0x80 common/built-in.o
 .text.b_addqchr
                0x000000008780e908       0x50 common/built-in.o
 .text.static_peek
                0x000000008780e958        0xc common/built-in.o
 .text.get_local_var
                0x000000008780e964       0xa0 common/built-in.o
                0x000000008780e964                get_local_var
 .text.set_local_var
                0x000000008780ea04      0x1bc common/built-in.o
                0x000000008780ea04                set_local_var
 .text.insert_var_value_sub
                0x000000008780ebc0      0x2c0 common/built-in.o
 .text.parse_string_outer
                0x000000008780ee80       0xe4 common/built-in.o
                0x000000008780ee80                parse_string_outer
 .text.run_list_real
                0x000000008780ef64      0x7b8 common/built-in.o
 .text.parse_stream_outer
                0x000000008780f71c      0x6d0 common/built-in.o
 .text.parse_file_outer
                0x000000008780fdec       0x44 common/built-in.o
                0x000000008780fdec                parse_file_outer
 .text.u_boot_hush_start
                0x000000008780fe30       0x54 common/built-in.o
                0x000000008780fe30                u_boot_hush_start
 .text.bootdelay_process
                0x000000008780fe84       0xf4 common/built-in.o
                0x000000008780fe84                bootdelay_process
 .text.autoboot_command
                0x000000008780ff78       0xd0 common/built-in.o
                0x000000008780ff78                autoboot_command
 .text.setup_mon_len
                0x0000000087810048       0x20 common/built-in.o
 .text.reserve_round_4k
                0x0000000087810068       0x18 common/built-in.o
 .text.reserve_mmu
                0x0000000087810080       0x38 common/built-in.o
 .text.reserve_uboot
                0x00000000878100b8       0x30 common/built-in.o
 .text.reserve_malloc
                0x00000000878100e8       0x18 common/built-in.o
 .text.reserve_global_data
                0x0000000087810100       0x1c common/built-in.o
 .text.reserve_fdt
                0x000000008781011c       0x4c common/built-in.o
 .text.initf_console_record
                0x0000000087810168        0x8 common/built-in.o
 .text.arch_cpu_init_dm
                0x0000000087810170        0x8 common/built-in.o
                0x0000000087810170                arch_cpu_init_dm
 .text.announce_dram_init
                0x0000000087810178       0x18 common/built-in.o
 .text.init_func_i2c
                0x0000000087810190       0x28 common/built-in.o
 .text.init_baud_rate
                0x00000000878101b8       0x2c common/built-in.o
 .text.mark_bootstage
                0x00000000878101e4       0x14 common/built-in.o
 .text.initf_dm
                0x00000000878101f8        0x8 common/built-in.o
 .text.setup_reloc
                0x0000000087810200       0x40 common/built-in.o
 .text.reloc_fdt
                0x0000000087810240       0x44 common/built-in.o
 .text.reserve_board
                0x0000000087810284       0x40 common/built-in.o
 .text.reserve_arch
                0x00000000878102c4        0x8 common/built-in.o
                0x00000000878102c4                reserve_arch
 .text.display_text_info
                0x00000000878102cc        0x8 common/built-in.o
 .text.reserve_trace
                0x00000000878102d4        0x8 common/built-in.o
 .text.setup_machine
                0x00000000878102dc        0x8 common/built-in.o
 .text.display_new_sp
                0x00000000878102e4        0x8 common/built-in.o
 .text.coloured_LED_init
                0x00000000878102ec        0x4 common/built-in.o
                0x00000000878102ec                coloured_LED_init
 .text.red_led_on
                0x00000000878102f0        0x4 common/built-in.o
                0x00000000878102f0                red_led_on
 .text.board_add_ram_info
                0x00000000878102f4        0x4 common/built-in.o
                0x00000000878102f4                board_add_ram_info
 .text.show_dram_config
                0x00000000878102f8       0x38 common/built-in.o
 .text.dram_init_banksize
                0x0000000087810330       0x20 common/built-in.o
                0x0000000087810330                dram_init_banksize
 .text.setup_dram_config
                0x0000000087810350       0x10 common/built-in.o
 .text.board_get_usable_ram_top
                0x0000000087810360       0x14 common/built-in.o
                0x0000000087810360                board_get_usable_ram_top
 .text.board_reserve_ram_top
                0x0000000087810374        0x4 common/built-in.o
                0x0000000087810374                board_reserve_ram_top
 .text.setup_dest_addr
                0x0000000087810378       0x4c common/built-in.o
 .text.reserve_stacks
                0x00000000878103c4       0x1c common/built-in.o
 .text.board_init_f
                0x00000000878103e0       0x28 common/built-in.o
                0x00000000878103e0                board_init_f
 .text.bootstage_relocate
                0x0000000087810408        0x8 common/built-in.o
 .text.initr_reloc
                0x0000000087810410       0x18 common/built-in.o
 .text.initr_reloc_global_data
                0x0000000087810428       0x28 common/built-in.o
 .text.initr_announce
                0x0000000087810450        0x8 common/built-in.o
 .text.run_main_loop
                0x0000000087810458        0xc common/built-in.o
 .text.initr_net
                0x0000000087810464       0x1c common/built-in.o
 .text.initr_ethaddr
                0x0000000087810480       0x20 common/built-in.o
 .text.initr_enable_interrupts
                0x00000000878104a0       0x10 common/built-in.o
 .text.initr_jumptable
                0x00000000878104b0       0x10 common/built-in.o
 .text.initr_env
                0x00000000878104c0       0x30 common/built-in.o
 .text.initr_mmc
                0x00000000878104f0       0x20 common/built-in.o
 .text.initr_serial
                0x0000000087810510       0x10 common/built-in.o
 .text.initr_bootstage
                0x0000000087810520       0x14 common/built-in.o
 .text.initr_dm
                0x0000000087810534       0x14 common/built-in.o
 .text.initr_malloc
                0x0000000087810548       0x24 common/built-in.o
 .text.initr_caches
                0x000000008781056c       0x10 common/built-in.o
 .text.initr_console_record
                0x000000008781057c        0x8 common/built-in.o
 .text.initr_trace
                0x0000000087810584        0x8 common/built-in.o
 .text.initr_barrier
                0x000000008781058c        0x8 common/built-in.o
 .text.cpu_secondary_init_r
                0x0000000087810594        0x4 common/built-in.o
                0x0000000087810594                cpu_secondary_init_r
 .text.initr_secondary_cpu
                0x0000000087810598       0x10 common/built-in.o
 .text.board_init_r
                0x00000000878105a8       0x14 common/built-in.o
                0x00000000878105a8                board_init_r
 .text.show_board_info
                0x00000000878105bc        0x4 common/built-in.o
                0x00000000878105bc                show_board_info
 .text.bootm_find_images
                0x00000000878105c0       0xa8 common/built-in.o
                0x00000000878105c0                bootm_find_images
 .text.bootm_decomp_image
                0x0000000087810668      0x14c common/built-in.o
                0x0000000087810668                bootm_decomp_image
 .text.bootm_disable_interrupts
                0x00000000878107b4       0x18 common/built-in.o
                0x00000000878107b4                bootm_disable_interrupts
 .text.do_bootm_states
                0x00000000878107cc      0x750 common/built-in.o
                0x00000000878107cc                do_bootm_states
 .text.do_bootm_standalone
                0x0000000087810f1c       0x64 common/built-in.o
 .text.do_bootm_qnxelf
                0x0000000087810f80       0x5c common/built-in.o
 .text.do_bootvx_fdt
                0x0000000087810fdc      0x118 common/built-in.o
                0x0000000087810fdc                do_bootvx_fdt
 .text.do_bootm_vxworks
                0x00000000878110f4       0x24 common/built-in.o
 .text.boot_selected_os
                0x0000000087811118       0x58 common/built-in.o
                0x0000000087811118                boot_selected_os
 .text.bootm_os_get_boot_func
                0x0000000087811170       0x10 common/built-in.o
                0x0000000087811170                bootm_os_get_boot_func
 .text.regex_callback
                0x0000000087811180      0x134 common/built-in.o
 .text.env_attr_walk
                0x00000000878112b4      0x128 common/built-in.o
                0x00000000878112b4                env_attr_walk
 .text.env_attr_lookup
                0x00000000878113dc       0x84 common/built-in.o
                0x00000000878113dc                env_attr_lookup
 .text.clear_callback
                0x0000000087811460       0x10 common/built-in.o
 .text.find_env_callback
                0x0000000087811470       0x64 common/built-in.o
 .text.on_callbacks
                0x00000000878114d4       0x50 common/built-in.o
 .text.set_callback
                0x0000000087811524       0x98 common/built-in.o
 .text.env_callback_init
                0x00000000878115bc       0xc4 common/built-in.o
                0x00000000878115bc                env_callback_init
 .text.skip_num
                0x0000000087811680       0x78 common/built-in.o
 .text.clear_flags
                0x00000000878116f8       0x10 common/built-in.o
 .text.on_flags
                0x0000000087811708       0x50 common/built-in.o
 .text.env_flags_parse_vartype
                0x0000000087811758       0x50 common/built-in.o
                0x0000000087811758                env_flags_parse_vartype
 .text.env_flags_parse_varaccess
                0x00000000878117a8       0x58 common/built-in.o
                0x00000000878117a8                env_flags_parse_varaccess
 .text.set_flags
                0x0000000087811800       0xb0 common/built-in.o
 .text.eth_validate_ethaddr_str
                0x00000000878118b0       0x94 common/built-in.o
                0x00000000878118b0                eth_validate_ethaddr_str
 .text.env_flags_init
                0x0000000087811944       0xd8 common/built-in.o
                0x0000000087811944                env_flags_init
 .text.env_flags_validate
                0x0000000087811a1c      0x2b8 common/built-in.o
                0x0000000087811a1c                env_flags_validate
 .text.mmc_get_env_addr
                0x0000000087811cd4       0x10 common/built-in.o
                0x0000000087811cd4                mmc_get_env_addr
 .text.fini_mmc_for_env.isra.0
                0x0000000087811ce4       0x1c common/built-in.o
 .text.env_init
                0x0000000087811d00       0x1c common/built-in.o
                0x0000000087811d00                env_init
 .text.mmc_get_env_part
                0x0000000087811d1c        0x8 common/built-in.o
                0x0000000087811d1c                mmc_get_env_part
 .text.init_mmc_for_env
                0x0000000087811d24       0x78 common/built-in.o
 .text.saveenv  0x0000000087811d9c      0x114 common/built-in.o
                0x0000000087811d9c                saveenv
 .text.env_relocate_spec
                0x0000000087811eb0       0xe0 common/built-in.o
                0x0000000087811eb0                env_relocate_spec
 .text.fdt_find_and_setprop
                0x0000000087811f90       0x70 common/built-in.o
                0x0000000087811f90                fdt_find_and_setprop
 .text.fdt_find_or_add_subnode
                0x0000000087812000       0x60 common/built-in.o
                0x0000000087812000                fdt_find_or_add_subnode
 .text.fdt_root
                0x0000000087812060       0x90 common/built-in.o
                0x0000000087812060                fdt_root
 .text.fdt_initrd
                0x00000000878120f0      0x1cc common/built-in.o
                0x00000000878120f0                fdt_initrd
 .text.fdt_chosen
                0x00000000878122bc       0xa8 common/built-in.o
                0x00000000878122bc                fdt_chosen
 .text.do_fixup_by_path
                0x0000000087812364       0x54 common/built-in.o
                0x0000000087812364                do_fixup_by_path
 .text.fdt_fixup_memory_banks
                0x00000000878123b8      0x1b0 common/built-in.o
                0x00000000878123b8                fdt_fixup_memory_banks
 .text.fdt_fixup_memory
                0x0000000087812568       0x20 common/built-in.o
                0x0000000087812568                fdt_fixup_memory
 .text.fdt_fixup_ethernet
                0x0000000087812588      0x174 common/built-in.o
                0x0000000087812588                fdt_fixup_ethernet
 .text.fdt_shrink_to_minimum
                0x00000000878126fc       0xcc common/built-in.o
                0x00000000878126fc                fdt_shrink_to_minimum
 .text.miiphy_get_dev_by_name
                0x00000000878127c8       0x60 common/built-in.o
                0x00000000878127c8                miiphy_get_dev_by_name
 .text.miiphy_init
                0x0000000087812828       0x24 common/built-in.o
                0x0000000087812828                miiphy_init
 .text.mdio_alloc
                0x000000008781284c       0x30 common/built-in.o
                0x000000008781284c                mdio_alloc
 .text.mdio_register
                0x000000008781287c       0x94 common/built-in.o
                0x000000008781287c                mdio_register
 .text.mdio_unregister
                0x0000000087812910       0x3c common/built-in.o
                0x0000000087812910                mdio_unregister
 .text.mdio_list_devices
                0x000000008781294c       0x98 common/built-in.o
                0x000000008781294c                mdio_list_devices
 .text.miiphy_set_current_dev
                0x00000000878129e4       0x40 common/built-in.o
                0x00000000878129e4                miiphy_set_current_dev
 .text.miiphy_get_active_dev
                0x0000000087812a24       0x54 common/built-in.o
 .text.mdio_get_current_dev
                0x0000000087812a78       0x10 common/built-in.o
                0x0000000087812a78                mdio_get_current_dev
 .text.mdio_phydev_for_ethname
                0x0000000087812a88       0x88 common/built-in.o
                0x0000000087812a88                mdio_phydev_for_ethname
 .text.miiphy_get_current_dev
                0x0000000087812b10       0x18 common/built-in.o
                0x0000000087812b10                miiphy_get_current_dev
 .text.miiphy_read
                0x0000000087812b28       0x4c common/built-in.o
                0x0000000087812b28                miiphy_read
 .text.miiphy_write
                0x0000000087812b74       0x40 common/built-in.o
                0x0000000087812b74                miiphy_write
 .text.miiphy_listdev
                0x0000000087812bb4       0x74 common/built-in.o
                0x0000000087812bb4                miiphy_listdev
 .text.miiphy_info
                0x0000000087812c28       0x88 common/built-in.o
                0x0000000087812c28                miiphy_info
 .text.miiphy_speed
                0x0000000087812cb0       0x94 common/built-in.o
                0x0000000087812cb0                miiphy_speed
 .text.miiphy_duplex
                0x0000000087812d44       0x94 common/built-in.o
                0x0000000087812d44                miiphy_duplex
 .text.miiphy_is_1000base_x
                0x0000000087812dd8        0x8 common/built-in.o
                0x0000000087812dd8                miiphy_is_1000base_x
 .text.usb_set_maxpacket_ep
                0x0000000087812de0       0x70 common/built-in.o
 .text.usb_stop
                0x0000000087812e50       0x80 common/built-in.o
                0x0000000087812e50                usb_stop
 .text.usb_disable_asynch
                0x0000000087812ed0       0x20 common/built-in.o
                0x0000000087812ed0                usb_disable_asynch
 .text.usb_control_msg
                0x0000000087812ef0       0xc0 common/built-in.o
                0x0000000087812ef0                usb_control_msg
 .text.usb_get_descriptor
                0x0000000087812fb0       0x58 common/built-in.o
 .text.get_descriptor_len
                0x0000000087813008       0x90 common/built-in.o
 .text.usb_get_string
                0x0000000087813098       0x70 common/built-in.o
 .text.usb_string_sub
                0x0000000087813108      0x108 common/built-in.o
 .text.usb_bulk_msg
                0x0000000087813210       0x70 common/built-in.o
                0x0000000087813210                usb_bulk_msg
 .text.usb_maxpacket
                0x0000000087813280       0x1c common/built-in.o
                0x0000000087813280                usb_maxpacket
 .text.usb_clear_halt
                0x000000008781329c       0x90 common/built-in.o
                0x000000008781329c                usb_clear_halt
 .text.usb_get_configuration_len
                0x000000008781332c       0x74 common/built-in.o
                0x000000008781332c                usb_get_configuration_len
 .text.usb_get_configuration_no
                0x00000000878133a0       0x34 common/built-in.o
                0x00000000878133a0                usb_get_configuration_no
 .text.usb_set_interface
                0x00000000878133d4       0xb4 common/built-in.o
                0x00000000878133d4                usb_set_interface
 .text.usb_string
                0x0000000087813488      0x100 common/built-in.o
                0x0000000087813488                usb_string
 .text.usb_get_dev_index
                0x0000000087813588       0x24 common/built-in.o
                0x0000000087813588                usb_get_dev_index
 .text.usb_alloc_new_device
                0x00000000878135ac       0x9c common/built-in.o
                0x00000000878135ac                usb_alloc_new_device
 .text.usb_free_device
                0x0000000087813648       0x48 common/built-in.o
                0x0000000087813648                usb_free_device
 .text.usb_alloc_device
                0x0000000087813690        0x8 common/built-in.o
                0x0000000087813690                usb_alloc_device
 .text.usb_select_config
                0x0000000087813698      0x458 common/built-in.o
                0x0000000087813698                usb_select_config
 .text.usb_setup_device
                0x0000000087813af0      0x19c common/built-in.o
                0x0000000087813af0                usb_setup_device
 .text.usb_new_device
                0x0000000087813c8c       0x34 common/built-in.o
                0x0000000087813c8c                usb_new_device
 .text.usb_init
                0x0000000087813cc0      0x168 common/built-in.o
                0x0000000087813cc0                usb_init
 .text.board_usb_init
                0x0000000087813e28        0x8 common/built-in.o
                0x0000000087813e28                board_usb_init
 .text.board_usb_cleanup
                0x0000000087813e30        0x8 common/built-in.o
                0x0000000087813e30                board_usb_cleanup
 .text.usb_device_has_child_on_port
                0x0000000087813e38       0x14 common/built-in.o
                0x0000000087813e38                usb_device_has_child_on_port
 .text.usb_find_usb2_hub_address_port
                0x0000000087813e4c       0x5c common/built-in.o
                0x0000000087813e4c                usb_find_usb2_hub_address_port
 .text.usb_set_port_feature
                0x0000000087813ea8       0x4c common/built-in.o
 .text.usb_clear_port_feature
                0x0000000087813ef4       0x4c common/built-in.o
 .text.usb_get_hub_descriptor
                0x0000000087813f40       0x4c common/built-in.o
 .text.usb_hub_power_on
                0x0000000087813f8c       0x6c common/built-in.o
 .text.usb_hub_reset_devices
                0x0000000087813ff8        0x4 common/built-in.o
                0x0000000087813ff8                usb_hub_reset_devices
 .text.usb_get_port_status
                0x0000000087813ffc       0x4c common/built-in.o
                0x0000000087813ffc                usb_get_port_status
 .text.usb_hub_reset
                0x0000000087814048       0x14 common/built-in.o
                0x0000000087814048                usb_hub_reset
 .text.legacy_hub_port_reset
                0x000000008781405c       0xa0 common/built-in.o
                0x000000008781405c                legacy_hub_port_reset
 .text.usb_hub_port_connect_change
                0x00000000878140fc      0x16c common/built-in.o
                0x00000000878140fc                usb_hub_port_connect_change
 .text.usb_hub_configure
                0x0000000087814268      0x2c8 common/built-in.o
 .text.usb_hub_probe
                0x0000000087814530       0x54 common/built-in.o
                0x0000000087814530                usb_hub_probe
 .text.usb_stor_irq
                0x0000000087814584       0x1c common/built-in.o
 .text.usb_stor_BBB_reset
                0x00000000878145a0       0xd0 common/built-in.o
 .text.usb_stor_CB_reset
                0x0000000087814670       0xd0 common/built-in.o
 .text.usb_stor_BBB_clear_endpt_stall.isra.0
                0x0000000087814740       0x40 common/built-in.o
 .text.usb_stor_BBB_transport
                0x0000000087814780      0x25c common/built-in.o
 .text.usb_stor_CB_comdat
                0x00000000878149dc      0x204 common/built-in.o
 .text.usb_stor_CBI_get_status.isra.2
                0x0000000087814be0       0xc8 common/built-in.o
 .text.usb_stor_CB_transport
                0x0000000087814ca8      0x228 common/built-in.o
 .text.usb_request_sense.constprop.8
                0x0000000087814ed0       0x70 common/built-in.o
 .text.usb_stor_read
                0x0000000087814f40      0x188 common/built-in.o
 .text.usb_stor_write
                0x00000000878150c8      0x188 common/built-in.o
 .text.usb_stor_get_dev
                0x0000000087815250       0x28 common/built-in.o
                0x0000000087815250                usb_stor_get_dev
 .text.usb_stor_info
                0x0000000087815278       0x74 common/built-in.o
                0x0000000087815278                usb_stor_info
 .text.usb_storage_probe
                0x00000000878152ec      0x204 common/built-in.o
                0x00000000878152ec                usb_storage_probe
 .text.usb_stor_get_info
                0x00000000878154f0      0x31c common/built-in.o
                0x00000000878154f0                usb_stor_get_info
 .text.usb_stor_scan
                0x000000008781580c      0x1f8 common/built-in.o
                0x000000008781580c                usb_stor_scan
 .text.splash_screen_prepare
                0x0000000087815a04        0x8 common/built-in.o
                0x0000000087815a04                splash_screen_prepare
 .text.splash_get_pos
                0x0000000087815a0c       0x88 common/built-in.o
                0x0000000087815a0c                splash_get_pos
 .text.env_get_char_spec
                0x0000000087815a94        0xc common/built-in.o
                0x0000000087815a94                env_get_char_spec
 .text.env_get_addr
                0x0000000087815aa0       0x20 common/built-in.o
                0x0000000087815aa0                env_get_addr
 .text.env_get_char_memory
                0x0000000087815ac0       0x10 common/built-in.o
                0x0000000087815ac0                env_get_char_memory
 .text.env_get_char
                0x0000000087815ad0       0x30 common/built-in.o
                0x0000000087815ad0                env_get_char
 .text.getenv_yesno
                0x0000000087815b00       0x40 common/built-in.o
                0x0000000087815b00                getenv_yesno
 .text.getenv_default
                0x0000000087815b40       0x30 common/built-in.o
                0x0000000087815b40                getenv_default
 .text.set_default_env
                0x0000000087815b70       0xc0 common/built-in.o
                0x0000000087815b70                set_default_env
 .text.set_default_vars
                0x0000000087815c30       0x38 common/built-in.o
                0x0000000087815c30                set_default_vars
 .text.env_import
                0x0000000087815c68       0xdc common/built-in.o
                0x0000000087815c68                env_import
 .text.env_export
                0x0000000087815d44       0xa0 common/built-in.o
                0x0000000087815d44                env_export
 .text.env_relocate
                0x0000000087815de4       0x2c common/built-in.o
                0x0000000087815de4                env_relocate
 .text.env_complete
                0x0000000087815e10       0xf0 common/built-in.o
                0x0000000087815e10                env_complete
 .text.console_setfile
                0x0000000087815f00       0xc0 common/built-in.o
 .text.serial_printf
                0x0000000087815fc0       0x44 common/built-in.o
                0x0000000087815fc0                serial_printf
 .text.putc     0x0000000087816004       0x34 common/built-in.o
                0x0000000087816004                putc
 .text.puts     0x0000000087816038       0x34 common/built-in.o
                0x0000000087816038                puts
 .text.fgetc    0x000000008781606c       0x24 common/built-in.o
                0x000000008781606c                fgetc
 .text.getc     0x0000000087816090       0x24 common/built-in.o
                0x0000000087816090                getc
 .text.ftstc    0x00000000878160b4       0x24 common/built-in.o
                0x00000000878160b4                ftstc
 .text.tstc     0x00000000878160d8       0x24 common/built-in.o
                0x00000000878160d8                tstc
 .text.ctrlc    0x00000000878160fc       0x58 common/built-in.o
                0x00000000878160fc                ctrlc
 .text.confirm_yesno
                0x0000000087816154       0xd4 common/built-in.o
                0x0000000087816154                confirm_yesno
 .text.had_ctrlc
                0x0000000087816228       0x10 common/built-in.o
                0x0000000087816228                had_ctrlc
 .text.clear_ctrlc
                0x0000000087816238       0x14 common/built-in.o
                0x0000000087816238                clear_ctrlc
 .text.search_device
                0x000000008781624c       0x28 common/built-in.o
                0x000000008781624c                search_device
 .text.console_assign
                0x0000000087816274       0x48 common/built-in.o
                0x0000000087816274                console_assign
 .text.on_console
                0x00000000878162bc       0xb8 common/built-in.o
 .text.console_init_f
                0x0000000087816374       0x10 common/built-in.o
                0x0000000087816374                console_init_f
 .text.stdio_print_current_devices
                0x0000000087816384       0xb0 common/built-in.o
                0x0000000087816384                stdio_print_current_devices
 .text.console_init_r
                0x0000000087816434      0x180 common/built-in.o
                0x0000000087816434                console_init_r
 .text.sbrk     0x00000000878165b4       0x6c common/built-in.o
                0x00000000878165b4                sbrk
 .text.mem_malloc_init
                0x0000000087816620       0x34 common/built-in.o
                0x0000000087816620                mem_malloc_init
 .text.malloc_trim
                0x0000000087816654       0xcc common/built-in.o
                0x0000000087816654                malloc_trim
 .text.free     0x0000000087816720      0x24c common/built-in.o
                0x0000000087816720                free
 .text.malloc   0x000000008781696c      0x628 common/built-in.o
                0x000000008781696c                malloc
 .text.calloc   0x0000000087816f94      0x144 common/built-in.o
                0x0000000087816f94                calloc
 .text.realloc  0x00000000878170d8      0x4e0 common/built-in.o
                0x00000000878170d8                realloc
 .text.memalign
                0x00000000878175b8      0x140 common/built-in.o
                0x00000000878175b8                memalign
 .text.initf_malloc
                0x00000000878176f8       0x18 common/built-in.o
                0x00000000878176f8                initf_malloc
 .text.malloc_simple
                0x0000000087817710       0x30 common/built-in.o
                0x0000000087817710                malloc_simple
 .text.on_loadaddr
                0x0000000087817740       0x38 common/built-in.o
 .text.image_check_hcrc
                0x0000000087817778       0x4c common/built-in.o
                0x0000000087817778                image_check_hcrc
 .text.image_check_dcrc
                0x00000000878177c4       0x38 common/built-in.o
                0x00000000878177c4                image_check_dcrc
 .text.image_multi_count
                0x00000000878177fc       0x1c common/built-in.o
                0x00000000878177fc                image_multi_count
 .text.image_multi_getimg
                0x0000000087817818       0x80 common/built-in.o
                0x0000000087817818                image_multi_getimg
 .text.getenv_bootm_low
                0x0000000087817898       0x30 common/built-in.o
                0x0000000087817898                getenv_bootm_low
 .text.getenv_bootm_size
                0x00000000878178c8       0x68 common/built-in.o
                0x00000000878178c8                getenv_bootm_size
 .text.getenv_bootm_mapsize
                0x0000000087817930       0x30 common/built-in.o
                0x0000000087817930                getenv_bootm_mapsize
 .text.memmove_wd
                0x0000000087817960        0xc common/built-in.o
                0x0000000087817960                memmove_wd
 .text.genimg_print_size
                0x000000008781796c       0x30 common/built-in.o
                0x000000008781796c                genimg_print_size
 .text.get_table_entry
                0x000000008781799c       0x24 common/built-in.o
                0x000000008781799c                get_table_entry
 .text.get_table_entry_name
                0x00000000878179c0       0x20 common/built-in.o
                0x00000000878179c0                get_table_entry_name
 .text.genimg_get_os_name
                0x00000000878179e0       0x18 common/built-in.o
                0x00000000878179e0                genimg_get_os_name
 .text.genimg_get_arch_name
                0x00000000878179f8       0x18 common/built-in.o
                0x00000000878179f8                genimg_get_arch_name
 .text.genimg_get_type_name
                0x0000000087817a10       0x18 common/built-in.o
                0x0000000087817a10                genimg_get_type_name
 .text.genimg_get_comp_name
                0x0000000087817a28       0x18 common/built-in.o
                0x0000000087817a28                genimg_get_comp_name
 .text.image_print_contents
                0x0000000087817a40      0x178 common/built-in.o
                0x0000000087817a40                image_print_contents
 .text.genimg_get_kernel_addr_fit
                0x0000000087817bb8       0x24 common/built-in.o
                0x0000000087817bb8                genimg_get_kernel_addr_fit
 .text.genimg_get_format
                0x0000000087817bdc       0x34 common/built-in.o
                0x0000000087817bdc                genimg_get_format
 .text.genimg_get_image
                0x0000000087817c10        0x4 common/built-in.o
                0x0000000087817c10                genimg_get_image
 .text.genimg_has_config
                0x0000000087817c14        0x8 common/built-in.o
                0x0000000087817c14                genimg_has_config
 .text.boot_get_ramdisk
                0x0000000087817c1c      0x240 common/built-in.o
                0x0000000087817c1c                boot_get_ramdisk
 .text.boot_ramdisk_high
                0x0000000087817e5c      0x138 common/built-in.o
                0x0000000087817e5c                boot_ramdisk_high
 .text.boot_get_setup
                0x0000000087817f94        0x8 common/built-in.o
                0x0000000087817f94                boot_get_setup
 .text.image_setup_linux
                0x0000000087817f9c       0x8c common/built-in.o
                0x0000000087817f9c                image_setup_linux
 .text.fdt_error
                0x0000000087818028       0x2c common/built-in.o
 .text.boot_fdt_add_mem_rsv_regions
                0x0000000087818054       0x88 common/built-in.o
                0x0000000087818054                boot_fdt_add_mem_rsv_regions
 .text.boot_relocate_fdt
                0x00000000878180dc      0x198 common/built-in.o
                0x00000000878180dc                boot_relocate_fdt
 .text.boot_get_fdt
                0x0000000087818274      0x2ac common/built-in.o
                0x0000000087818274                boot_get_fdt
 .text.ft_verify_fdt
                0x0000000087818520        0x8 common/built-in.o
                0x0000000087818520                ft_verify_fdt
 .text.image_setup_libfdt
                0x0000000087818528      0x100 common/built-in.o
                0x0000000087818528                image_setup_libfdt
 .text.get_effective_memsize
                0x0000000087818628        0x8 common/built-in.o
                0x0000000087818628                get_effective_memsize
 .text.nulldev_putc
                0x0000000087818630        0x4 common/built-in.o
 .text.nulldev_puts
                0x0000000087818634        0x4 common/built-in.o
 .text.nulldev_input
                0x0000000087818638        0x8 common/built-in.o
 .text.stdio_serial_tstc
                0x0000000087818640        0x4 common/built-in.o
 .text.stdio_serial_getc
                0x0000000087818644        0x4 common/built-in.o
 .text.stdio_serial_puts
                0x0000000087818648        0x8 common/built-in.o
 .text.stdio_serial_putc
                0x0000000087818650        0x8 common/built-in.o
 .text.stdio_get_list
                0x0000000087818658        0xc common/built-in.o
                0x0000000087818658                stdio_get_list
 .text.stdio_get_by_name
                0x0000000087818664       0x5c common/built-in.o
                0x0000000087818664                stdio_get_by_name
 .text.stdio_clone
                0x00000000878186c0       0x38 common/built-in.o
                0x00000000878186c0                stdio_clone
 .text.stdio_register_dev
                0x00000000878186f8       0x50 common/built-in.o
                0x00000000878186f8                stdio_register_dev
 .text.stdio_register
                0x0000000087818748        0x8 common/built-in.o
                0x0000000087818748                stdio_register
 .text.stdio_init_tables
                0x0000000087818750       0x1c common/built-in.o
                0x0000000087818750                stdio_init_tables
 .text.stdio_add_devices
                0x000000008781876c       0xd4 common/built-in.o
                0x000000008781876c                stdio_add_devices
 .text.run_command
                0x0000000087818840       0x10 common/built-in.o
                0x0000000087818840                run_command
 .text.run_command_list
                0x0000000087818850       0x7c common/built-in.o
                0x0000000087818850                run_command_list
 .text.do_run   0x00000000878188cc       0x78 common/built-in.o
                0x00000000878188cc                do_run
 .text.cli_loop
                0x0000000087818944        0xc common/built-in.o
                0x0000000087818944                cli_loop
 .text.cli_init
                0x0000000087818950        0x4 common/built-in.o
                0x0000000087818950                cli_init
 .text.delete_char.part.0
                0x0000000087818954       0xd0 common/built-in.o
 .text.cread_add_char
                0x0000000087818a24       0xe8 common/built-in.o
 .text.cli_readline_into_buffer
                0x0000000087818b0c      0x9c0 common/built-in.o
                0x0000000087818b0c                cli_readline_into_buffer
 .text.cli_readline
                0x00000000878194cc       0x14 common/built-in.o
                0x00000000878194cc                cli_readline
 .text.find_cmd_tbl
                0x00000000878194e0       0xa4 common/built-in.o
                0x00000000878194e0                find_cmd_tbl
 .text.find_cmd
                0x0000000087819584       0x28 common/built-in.o
                0x0000000087819584                find_cmd
 .text.cmd_usage
                0x00000000878195ac       0x5c common/built-in.o
                0x00000000878195ac                cmd_usage
 .text._do_help
                0x0000000087819608      0x178 common/built-in.o
                0x0000000087819608                _do_help
 .text.var_complete
                0x0000000087819780       0x84 common/built-in.o
                0x0000000087819780                var_complete
 .text.cmd_auto_complete
                0x0000000087819804      0x4b4 common/built-in.o
                0x0000000087819804                cmd_auto_complete
 .text.cmd_get_data_size
                0x0000000087819cb8       0x5c common/built-in.o
                0x0000000087819cb8                cmd_get_data_size
 .text.cmd_process
                0x0000000087819d14       0xec common/built-in.o
                0x0000000087819d14                cmd_process
 .text.cmd_process_error
                0x0000000087819e00       0x30 common/built-in.o
                0x0000000087819e00                cmd_process_error
 .text.hex1_bin
                0x0000000087819e30       0x40 common/built-in.o
 .text.hex2_bin
                0x0000000087819e70       0x38 common/built-in.o
 .text.srec_decode
                0x0000000087819ea8      0x254 common/built-in.o
                0x0000000087819ea8                srec_decode
 .text.CYGACC_COMM_IF_GETC_TIMEOUT.isra.0
                0x000000008781a0fc       0x5c common/built-in.o
 .text.xyzModem_flush
                0x000000008781a158       0x1c common/built-in.o
 .text.xyzModem_get_hdr
                0x000000008781a174      0x230 common/built-in.o
 .text.xyzModem_stream_open
                0x000000008781a3a4      0x224 common/built-in.o
                0x000000008781a3a4                xyzModem_stream_open
 .text.xyzModem_stream_read
                0x000000008781a5c8      0x254 common/built-in.o
                0x000000008781a5c8                xyzModem_stream_read
 .text.xyzModem_stream_close
                0x000000008781a81c       0x54 common/built-in.o
                0x000000008781a81c                xyzModem_stream_close
 .text.xyzModem_stream_terminate
                0x000000008781a870       0x94 common/built-in.o
                0x000000008781a870                xyzModem_stream_terminate
 .text.xyzModem_error
                0x000000008781a904       0x20 common/built-in.o
                0x000000008781a904                xyzModem_error
 .text.get_dev_hwpart
                0x000000008781a924       0xa8 disk/built-in.o
 .text.dev_print
                0x000000008781a9cc      0x20c disk/built-in.o
                0x000000008781a9cc                dev_print
 .text.init_part
                0x000000008781abd8       0x20 disk/built-in.o
                0x000000008781abd8                init_part
 .text.print_part
                0x000000008781abf8       0xf4 disk/built-in.o
                0x000000008781abf8                print_part
 .text.get_partition_info
                0x000000008781acec       0x2c disk/built-in.o
                0x000000008781acec                get_partition_info
 .text.get_device
                0x000000008781ad18      0x128 disk/built-in.o
                0x000000008781ad18                get_device
 .text.get_device_and_partition
                0x000000008781ae40      0x3f8 disk/built-in.o
                0x000000008781ae40                get_device_and_partition
 .text.test_block_type
                0x000000008781b238       0x84 disk/built-in.o
 .text.print_partition_extended
                0x000000008781b2bc      0x274 disk/built-in.o
 .text.get_partition_info_extended.constprop.1
                0x000000008781b530      0x2fc disk/built-in.o
 .text.test_part_dos
                0x000000008781b82c       0x60 disk/built-in.o
                0x000000008781b82c                test_part_dos
 .text.print_part_dos
                0x000000008781b88c       0x34 disk/built-in.o
                0x000000008781b88c                print_part_dos
 .text.get_partition_info_dos
                0x000000008781b8c0       0x20 disk/built-in.o
                0x000000008781b8c0                get_partition_info_dos
 .text.alloc_priv
                0x000000008781b8e0       0x48 drivers/built-in.o
 .text.device_bind
                0x000000008781b928      0x304 drivers/built-in.o
                0x000000008781b928                device_bind
 .text.device_bind_by_name
                0x000000008781bc2c       0x60 drivers/built-in.o
                0x000000008781bc2c                device_bind_by_name
 .text.device_probe
                0x000000008781bc8c      0x234 drivers/built-in.o
                0x000000008781bc8c                device_probe
 .text.dev_get_platdata
                0x000000008781bec0       0x34 drivers/built-in.o
                0x000000008781bec0                dev_get_platdata
 .text.dev_get_priv
                0x000000008781bef4       0x34 drivers/built-in.o
                0x000000008781bef4                dev_get_priv
 .text.lists_driver_lookup_name
                0x000000008781bf28       0x4c drivers/built-in.o
                0x000000008781bf28                lists_driver_lookup_name
 .text.lists_uclass_lookup
                0x000000008781bf74       0x3c drivers/built-in.o
                0x000000008781bf74                lists_uclass_lookup
 .text.lists_bind_drivers
                0x000000008781bfb0       0x88 drivers/built-in.o
                0x000000008781bfb0                lists_bind_drivers
 .text.dm_root  0x000000008781c038       0x2c drivers/built-in.o
                0x000000008781c038                dm_root
 .text.dm_init  0x000000008781c064       0x58 drivers/built-in.o
                0x000000008781c064                dm_init
 .text.dm_scan_platdata
                0x000000008781c0bc       0x2c drivers/built-in.o
                0x000000008781c0bc                dm_scan_platdata
 .text.dm_scan_other
                0x000000008781c0e8        0x8 drivers/built-in.o
                0x000000008781c0e8                dm_scan_other
 .text.dm_init_and_scan
                0x000000008781c0f0       0x30 drivers/built-in.o
                0x000000008781c0f0                dm_init_and_scan
 .text.uclass_find
                0x000000008781c120       0x4c drivers/built-in.o
                0x000000008781c120                uclass_find
 .text.uclass_get
                0x000000008781c16c      0x124 drivers/built-in.o
                0x000000008781c16c                uclass_get
 .text.uclass_find_device
                0x000000008781c290       0x74 drivers/built-in.o
                0x000000008781c290                uclass_find_device
 .text.uclass_find_device_by_seq
                0x000000008781c304       0x7c drivers/built-in.o
                0x000000008781c304                uclass_find_device_by_seq
 .text.uclass_get_device_tail
                0x000000008781c380       0x2c drivers/built-in.o
                0x000000008781c380                uclass_get_device_tail
 .text.uclass_get_device
                0x000000008781c3ac       0x30 drivers/built-in.o
                0x000000008781c3ac                uclass_get_device
 .text.uclass_bind_device
                0x000000008781c3dc       0x7c drivers/built-in.o
                0x000000008781c3dc                uclass_bind_device
 .text.uclass_unbind_device
                0x000000008781c458       0x4c drivers/built-in.o
                0x000000008781c458                uclass_unbind_device
 .text.uclass_resolve_seq
                0x000000008781c4a4       0xb0 drivers/built-in.o
                0x000000008781c4a4                uclass_resolve_seq
 .text.uclass_pre_probe_device
                0x000000008781c554       0x64 drivers/built-in.o
                0x000000008781c554                uclass_pre_probe_device
 .text.uclass_post_probe_device
                0x000000008781c5b8       0x20 drivers/built-in.o
                0x000000008781c5b8                uclass_post_probe_device
 .text.uclass_pre_remove_device
                0x000000008781c5d8       0x20 drivers/built-in.o
                0x000000008781c5d8                uclass_pre_remove_device
 .text.dm_warn  0x000000008781c5f8       0x28 drivers/built-in.o
                0x000000008781c5f8                dm_warn
 .text.device_free
                0x000000008781c620       0x90 drivers/built-in.o
                0x000000008781c620                device_free
 .text.device_remove
                0x000000008781c6b0      0x138 drivers/built-in.o
                0x000000008781c6b0                device_remove
 .text.show_devices
                0x000000008781c7e8       0xfc drivers/built-in.o
 .text.dm_dump_all
                0x000000008781c8e4       0x3c drivers/built-in.o
                0x000000008781c8e4                dm_dump_all
 .text.dm_dump_uclass
                0x000000008781c920       0xdc drivers/built-in.o
                0x000000008781c920                dm_dump_uclass
 .text.finish_access
                0x000000008781c9fc       0x2c drivers/built-in.o
 .text.set_timing
                0x000000008781ca28       0x88 drivers/built-in.o
 .text.prepare_access
                0x000000008781cab0       0xcc drivers/built-in.o
 .text.fuse_read
                0x000000008781cb7c       0x6c drivers/built-in.o
                0x000000008781cb7c                fuse_read
 .text.fuse_sense
                0x000000008781cbe8       0xac drivers/built-in.o
                0x000000008781cbe8                fuse_sense
 .text.fuse_prog
                0x000000008781cc94      0x140 drivers/built-in.o
                0x000000008781cc94                fuse_prog
 .text.fuse_override
                0x000000008781cdd4       0x60 drivers/built-in.o
                0x000000008781cdd4                fuse_override
 .text.dfu_write_buffer_drain
                0x000000008781ce34       0xa8 drivers/built-in.o
 .text.dfu_free_buf
                0x000000008781cedc       0x20 drivers/built-in.o
                0x000000008781cedc                dfu_free_buf
 .text.dfu_get_buf_size
                0x000000008781cefc       0x10 drivers/built-in.o
                0x000000008781cefc                dfu_get_buf_size
 .text.dfu_get_buf
                0x000000008781cf0c       0xb8 drivers/built-in.o
                0x000000008781cf0c                dfu_get_buf
 .text.dfu_write_transaction_cleanup
                0x000000008781cfc4       0x44 drivers/built-in.o
                0x000000008781cfc4                dfu_write_transaction_cleanup
 .text.dfu_flush
                0x000000008781d008       0x64 drivers/built-in.o
                0x000000008781d008                dfu_flush
 .text.dfu_write
                0x000000008781d06c      0x184 drivers/built-in.o
                0x000000008781d06c                dfu_write
 .text.dfu_read
                0x000000008781d1f0      0x26c drivers/built-in.o
                0x000000008781d1f0                dfu_read
 .text.dfu_free_entities
                0x000000008781d45c       0x9c drivers/built-in.o
                0x000000008781d45c                dfu_free_entities
 .text.dfu_config_entities
                0x000000008781d4f8      0x278 drivers/built-in.o
                0x000000008781d4f8                dfu_config_entities
 .text.dfu_init_env_entities
                0x000000008781d770       0x90 drivers/built-in.o
                0x000000008781d770                dfu_init_env_entities
 .text.dfu_get_dev_type
                0x000000008781d800       0x3c drivers/built-in.o
                0x000000008781d800                dfu_get_dev_type
 .text.dfu_get_layout
                0x000000008781d83c       0x3c drivers/built-in.o
                0x000000008781d83c                dfu_get_layout
 .text.dfu_show_entities
                0x000000008781d878       0x74 drivers/built-in.o
                0x000000008781d878                dfu_show_entities
 .text.dfu_get_alt_number
                0x000000008781d8ec       0x10 drivers/built-in.o
                0x000000008781d8ec                dfu_get_alt_number
 .text.dfu_get_entity
                0x000000008781d8fc       0x40 drivers/built-in.o
                0x000000008781d8fc                dfu_get_entity
 .text.mmc_block_op
                0x000000008781d93c      0x1e0 drivers/built-in.o
 .text.mmc_file_op
                0x000000008781db1c      0x19c drivers/built-in.o
 .text.dfu_free_entity_mmc
                0x000000008781dcb8       0x28 drivers/built-in.o
                0x000000008781dcb8                dfu_free_entity_mmc
 .text.dfu_write_medium_mmc
                0x000000008781dce0       0xb8 drivers/built-in.o
                0x000000008781dce0                dfu_write_medium_mmc
 .text.dfu_flush_medium_mmc
                0x000000008781dd98       0x48 drivers/built-in.o
                0x000000008781dd98                dfu_flush_medium_mmc
 .text.dfu_get_medium_size_mmc
                0x000000008781dde0       0x90 drivers/built-in.o
                0x000000008781dde0                dfu_get_medium_size_mmc
 .text.dfu_read_medium_mmc
                0x000000008781de70       0xe4 drivers/built-in.o
                0x000000008781de70                dfu_read_medium_mmc
 .text.dfu_fill_entity_mmc
                0x000000008781df54      0x320 drivers/built-in.o
                0x000000008781df54                dfu_fill_entity_mmc
 .text.dfu_get_medium_size_ram
                0x000000008781e274        0x8 drivers/built-in.o
                0x000000008781e274                dfu_get_medium_size_ram
 .text.dfu_write_medium_ram
                0x000000008781e27c       0xa4 drivers/built-in.o
 .text.dfu_read_medium_ram
                0x000000008781e320       0xa4 drivers/built-in.o
 .text.dfu_fill_entity_ram
                0x000000008781e3c4       0xe8 drivers/built-in.o
                0x000000008781e3c4                dfu_fill_entity_ram
 .text.video_drawchars
                0x000000008781e4ac      0x44c drivers/built-in.o
 .text.video_invertchar
                0x000000008781e8f8       0x74 drivers/built-in.o
 .text.draw_bitmap
                0x000000008781e96c       0xdc drivers/built-in.o
 .text.video_putc.part.1
                0x000000008781ea48       0x28 drivers/built-in.o
 .text.console_newline.constprop.3
                0x000000008781ea70       0xe0 drivers/built-in.o
 .text.board_cfb_skip
                0x000000008781eb50        0x8 drivers/built-in.o
                0x000000008781eb50                board_cfb_skip
 .text.console_cursor
                0x000000008781eb58       0xa8 drivers/built-in.o
                0x000000008781eb58                console_cursor
 .text.video_putc
                0x000000008781ec00      0x1a4 drivers/built-in.o
 .text.video_puts
                0x000000008781eda4       0x7c drivers/built-in.o
 .text.video_set_lut
                0x000000008781ee20        0x4 drivers/built-in.o
                0x000000008781ee20                video_set_lut
 .text.display_rle8_bitmap
                0x000000008781ee24      0x374 drivers/built-in.o
 .text.plot_logo_or_black
                0x000000008781f198      0x284 drivers/built-in.o
 .text.do_clrlogo
                0x000000008781f41c       0x44 drivers/built-in.o
 .text.video_display_bitmap
                0x000000008781f460      0x934 drivers/built-in.o
                0x000000008781f460                video_display_bitmap
 .text.video_clear
                0x000000008781fd94       0x54 drivers/built-in.o
                0x000000008781fd94                video_clear
 .text.drv_video_init
                0x000000008781fde8      0x424 drivers/built-in.o
                0x000000008781fde8                drv_video_init
 .text.mxsfb_system_setup
                0x000000008782020c        0x4 drivers/built-in.o
                0x000000008782020c                mxsfb_system_setup
 .text.mxs_lcd_panel_setup
                0x0000000087820210       0x78 drivers/built-in.o
                0x0000000087820210                mxs_lcd_panel_setup
 .text.lcdif_power_down
                0x0000000087820288       0x5c drivers/built-in.o
                0x0000000087820288                lcdif_power_down
 .text.video_hw_init
                0x00000000878202e4      0x320 drivers/built-in.o
                0x00000000878202e4                video_hw_init
 .text.video_get_param_len.constprop.1
                0x0000000087820604       0x20 drivers/built-in.o
 .text.video_get_params
                0x0000000087820624      0x4d8 drivers/built-in.o
                0x0000000087820624                video_get_params
 .text.reset_cpu